image: /datasets/my_dataset/train/images/003a746b-1s1b_0216.jpg  ori=640x480
  GT cls=0  orig (x1,y1,x2,y2)=(226,302,383,453)
  GT cls=1  orig (x1,y1,x2,y2)=(145,152,187,213)
  letterbox: ratio=1.0000 pad=(0, 0)
  GT cls=0  letter (x1,y1,x2,y2)=(226,302,383,453)  (cx,cy,w,h)=(305,377,158,150)
  GT cls=1  letter (x1,y1,x2,y2)=(145,152,187,213)  (cx,cy,w,h)=(166,182,42,61)
  out[0] shape=(1, 6, 6300) dtype=float32 min=-0.007229 max=635.5
  bbox channel stats:
    ch0: min=4.984 max=635.500 mean=318.635
    ch1: min=4.984 max=476.000 mean=239.942
    ch2: min=7.477 max=518.500 mean=96.403
    ch3: min=7.477 max=538.500 mean=47.732
  cls channel stats:
    cls0: min=-0.0057 max=0.0004 mean=-0.0027
    cls1: min=-0.0072 max=0.0004 mean=-0.0031
  top-10 anchors by max class score:
    [0] i=124 bbox=(346.5,10.0,112.1,17.4) cls=(-0.001,0.000) cxcywh->xyxy=(290,1,403,19) xyxy=(346,10,112,17)
    [1] i=4721 bbox=(15.0,476.0,27.4,7.5) cls=(0.000,0.000) cxcywh->xyxy=(1,472,29,480) xyxy=(15,476,27,7)
    [2] i=123 bbox=(341.5,10.0,114.6,17.4) cls=(-0.001,0.000) cxcywh->xyxy=(284,1,399,19) xyxy=(342,10,115,17)
    [3] i=44 bbox=(349.0,7.5,94.7,15.0) cls=(-0.002,0.000) cxcywh->xyxy=(302,0,396,15) xyxy=(349,7,95,15)
    [4] i=43 bbox=(344.0,7.5,97.2,15.0) cls=(-0.001,0.000) cxcywh->xyxy=(295,0,393,15) xyxy=(344,7,97,15)
    [5] i=122 bbox=(336.5,10.0,107.2,17.4) cls=(-0.001,0.000) cxcywh->xyxy=(283,1,390,19) xyxy=(336,10,107,17)
    [6] i=125 bbox=(359.0,10.0,102.2,17.4) cls=(-0.002,0.000) cxcywh->xyxy=(308,1,410,19) xyxy=(359,10,102,17)
    [7] i=45 bbox=(359.0,7.5,92.2,15.0) cls=(-0.002,0.000) cxcywh->xyxy=(313,0,405,15) xyxy=(359,7,92,15)
    [8] i=78 bbox=(615.5,7.5,49.8,12.5) cls=(-0.001,0.000) cxcywh->xyxy=(591,1,640,14) xyxy=(616,7,50,12)
    [9] i=5962 bbox=(29.9,468.5,59.8,24.9) cls=(-0.001,0.000) cxcywh->xyxy=(0,456,60,481) xyxy=(30,468,60,25)
